<html>
<body>
<pre>
<h1>µVision Build Log</h1>
<h2>Tool Versions:</h2>
IDE-Version: µVision V5.22.0.0
Copyright (C) 2016 ARM Ltd and ARM Germany GmbH. All rights reserved.
License Information: Dharmesh Savani, EmbDes , LIC=MPP74-FIWC8-XUJ41-CL5L3-F38T2-19MLY
 
Tool Versions:
Toolchain:       MDK-ARM Plus  Version: 5.22
Toolchain Path:  C:\Keil_v5\ARM\ARMCC\Bin
C Compiler:      Armcc.exe V5.06 update 4 (build 422)
Assembler:       Armasm.exe V5.06 update 4 (build 422)
Linker/Locator:  ArmLink.exe V5.06 update 4 (build 422)
Library Manager: ArmAr.exe V5.06 update 4 (build 422)
Hex Converter:   FromElf.exe V5.06 update 4 (build 422)
CPU DLL:         
Dialog DLL:      
Target DLL:      Segger\JL2CM3.dll V2.99.23.0
Dialog DLL:      TARMCM1.DLL V1.11.0.0
 
<h2>Project:</h2>
E:\prathapreddy\Nordik\nRF5_SDK_12.2.0_f012efa\examples\ble_peripheral\WRISTBAND\Nrf51422-V1\Board\pca10001\s110\ble_app_hrs\arm\ble_app_hrs.uvproj
Project File Date:  08/23/2017

<h2>Output:</h2>
*** Using Compiler 'V5.06 update 4 (build 422)', folder: 'C:\Keil_v5\ARM\ARMCC\Bin'
Rebuild target 'nrf51822_xxaa_s110 (256K)'
assembling arm_startup_nrf51.s...
compiling system_nrf51.c...
compiling battery.c...
compiling led.c...
compiling main.c...
..\main.c(249): warning:  #177-D: variable "err_code"  was declared but never referenced
      uint32_t err_code;
..\main.c(616): warning:  #177-D: function "system_off_mode_enter"  was declared but never referenced
  static void system_off_mode_enter(void)
..\main.c: 2 warnings, 0 errors
compiling nrf_adc.c...
compiling ble_dis.c...
compiling ble_bas.c...
compiling ble_hrs.c...
..\..\..\..\..\Source\ble\ble_services\ble_hrs.c(208): warning:  #177-D: variable "encoded_initial_hrm"  was declared but never referenced
      uint8_t             encoded_initial_hrm[MAX_HRM_LEN];
..\..\..\..\..\Source\ble\ble_services\ble_hrs.c(139): warning:  #177-D: function "hrm_encode"  was declared but never referenced
  static uint8_t hrm_encode(ble_hrs_t * p_hrs, uint16_t heart_rate, uint8_t * p_encoded_buffer)
..\..\..\..\..\Source\ble\ble_services\ble_hrs.c: 2 warnings, 0 errors
compiling ble_conn_params.c...
compiling ble_advdata.c...
compiling ble_srv_common.c...
compiling softdevice_handler.c...
compiling app_timer.c...
compiling crc16.c...
compiling ble_bondmngr.c...
compiling app_button.c...
compiling pstorage.c...
compiling ble_debug_assert_handler.c...
compiling app_gpiote.c...
compiling ble_error_log.c...
linking...
Program Size: Code=17172 RO-data=248 RW-data=296 ZI-data=7432  
FromELF: creating hex file...
".\_build\ble_app_hrs.axf" - 0 Error(s), 4 Warning(s).
Build Time Elapsed:  00:00:05
</pre>
</body>
</html>
